// Jest Snapshot v1, https://goo.gl/fbAQLP

exports[`Modal renders <Modal /> 1`] = `
<Modal
  animation={true}
  autoFocus={true}
  backdrop={true}
  bsClass="modal"
  dialogClassName="SomeModalClass"
  dialogComponentClass={[Function]}
  enforceFocus={true}
  keyboard={true}
  manager={
    ModalManager {
      "add": [Function],
      "containers": Array [],
      "data": Array [],
      "handleContainerOverflow": true,
      "hideSiblingNodes": true,
      "isTopModal": [Function],
      "modals": Array [],
      "remove": [Function],
    }
  }
  onEnter={[Function]}
  onExited={[Function]}
  onHide={[Function]}
  renderBackdrop={[Function]}
  restoreFocus={true}
  show={true}
>
  <ModalHeader
    bsClass="modal-header"
    closeButton={true}
    closeLabel=""
  />
  <ModalBody
    bsClass="modal-body"
    componentClass="div"
  >
    Some children text
  </ModalBody>
</Modal>
`;
