// Jest Snapshot v1, https://goo.gl/fbAQLP

exports[`Player renders <Player /> 1`] = `
<div
  className="player player--batmobil"
/>
`;
